student@Ubuntu-MySQL-VirtualBox:~$ cd lws

student@Ubuntu-MySQL-VirtualBox:~/lws$ mkdir lesson4

student@Ubuntu-MySQL-VirtualBox:~/lws$ cd lesson4

student@Ubuntu-MySQL-VirtualBox:~/lws/lesson4$ echo first line >f1

student@Ubuntu-MySQL-VirtualBox:~/lws/lesson4$ cat f1

first line

student@Ubuntu-MySQL-VirtualBox:~/lws/lesson4$ cat /etc 2>errors.txt

student@Ubuntu-MySQL-VirtualBox:~/lws/lesson4$ ls

errors.txt f1

student@Ubuntu-MySQL-VirtualBox:~/lws/lesson4$ cat errors.txt

cat: /etc: Это каталог

student@Ubuntu-MySQL-VirtualBox:~/lws/lesson4$

student@Ubuntu-MySQL-VirtualBox:~/lws/lesson4$

student@Ubuntu-MySQL-VirtualBox:~/lws/lesson4$ ls -l /etc | cut -b 1-10

итого

drwxr-xr-x

-rw-r--r--

drwxr-xr-x

-rw-r--r--

drwxr-xr-x

-rw-r--r--

drwxr-xr-x

drwxr-xr-x

drwxr-xr-x

drwxr-xr-x

-rw-r--r--

drwxr-xr-x

drwxr-xr-x

drwxr-xr-x

drwxr-xr-x

-rw-r--r--

-rw-r--r--

drwxr-xr-x

-rw-r--r--

drwxr-xr-x

drwxr-xr-x

-rw-r--r--

drwxr-xr-x

-rw-r--r--

drwxr-xr-x

-rw-r--r--

-rw-r--r--

drwxr-xr-x

drwxr-s---

drwxr-xr-x

drwxr-xr-x

drwxr-xr-x

drwxr-xr-x

drwxr-xr-x

drwxr-xr-x

drwxr-xr-x

-rw-r--r--

drwxr-xr-x

drwxr-xr-x

drwxr-xr-x

drwxr-xr-x

drwxr-xr-x

-rw-r--r--

-rw-r--r--

drwxr-xr-x

-rw-r--r--

drwxr-xr-x

drwxr-xr-x

drwxr-xr-x

drwxr-xr-x

drwxr-xr-x

drwxr-xr-x

drwxr-xr-x

-rw-r--r--

drwxr-xr-x

drwxr-xr-x

-rw-rw-r--

-rw-r--r--

drwxr-xr-x

-rw-r--r--

drwxr-xr-x

drwxr-xr-x

drwxr-xr-x

drwxr-xr-x

drwxr-xr-x

drwxr-xr-x

drwxr-xr-x

drwxr-xr-x

drwxr-xr-x

-rw-r--r--

-rw-r--r--

drwxr-xr-x

-rw-r-----

-rw-r-----

drwxr-xr-x

drwxr-xr-x

drwxr-xr-x

drwxr-xr-x

-rw-r--r--

-rw-r--r--

-rw-r--r--

-rw-r--r--

-rw-r--r--

-rw-r--r--

drwxr-xr-x

drwxr-xr-x

-rw-rw-r--

drwxr-xr-x

drwxr-xr-x

drwxr-xr-x

drwxr-xr-x

-rw-r--r--

drwxr-xr-x

drwxr-xr-x

-rw-r--r--

-rw-r--r--

drwxr-xr-x

drwxr-xr-x

-rw-r--r--

-rw-r--r--

drwxr-xr-x

-rw-r--r--

-rw-r--r--

drwxr-xr-x

-rw-r--r--

-rw-r--r--

-rw-r--r--

drwxr-xr-x

drwxr-xr-x

drwxr-xr-x

drwxr-xr-x

drwxr-xr-x

-rw-r--r--

-rw-r--r--

-rw-r--r--

lrwxrwxrwx

drwxr-xr-x

-rw-r--r--

-rw-r--r--

drwxr-xr-x

-rw-r--r--

-rw-r--r--

-r--r--r--

-rw-r--r--

-rw-r--r--

-rw-r--r--

-rw-r--r--

-rw-r--r--

drwxr-xr-x

-rw-r--r--

-rw-r--r--

drwxr-xr-x

-rw-r--r--

drwxr-xr-x

lrwxrwxrwx

-rw-r--r--

drwxr-xr-x

-rw-r--r--

drwxr-xr-x

drwxr-xr-x

drwxr-xr-x

drwxr-xr-x

-rw-r--r--

drwxr-xr-x

-rw-r--r--

drwxr-xr-x

-rw-r--r--

-rw-r--r--

drwxr-xr-x

lrwxrwxrwx

drwxr-xr-x

-rw-r--r--

drwxr-xr-x

-rw-rw-r--

-rw-r--r--

-rw-r--r--

drwxr-xr-x

drwxr-xr-x

drwxr-xr-x

drwxr-xr-x

-rw-r--r--

drwxr-xr-x

-rw-rw-r--

drwxr-xr-x

lrwxrwxrwx

-rw-r--r--

drwxr-xr-x

-rw-r--r--

drwxr-xr-x

drwxr-xr-x

drwxr-xr-x

drwxr-xr-x

drwxr-xr-x

drwxr-xr-x

drwxr-xr-x

drwxr-xr-x

drwxr-xr-x

drwxr-xr-x

drwxr-xr-x

drwxr-xr-x

drwxr-xr-x

drwxr-xr-x

lrwxrwxrwx

-rwxr-xr-x

-rw-r--r--

-rw-r--r--

drwxr-xr-x

drwxr-xr-x

-rw-r--r--

drwxr-xr-x

drwxr-xr-x

-rw-r--r--

drwxr-xr-x

-rw-r--r--

drwxr-xr-x

-rw-r-----

-rw-r-----

-rw-r--r--

-rw-r--r--

drwxr-xr-x

drwxr-xr-x

drwxr-xr-x

drwxr-xr-x

-rw-r--r--

-rw-r--r--

-rw-r--r--

-rw-r--r--

-r--r-----

drwxr-xr-x

-rw-r--r--

drwxr-xr-x

drwxr-xr-x

drwxr-xr-x

drwxr-xr-x

drwxr-xr-x

-rw-r--r--

drwxr-xr-x

drwxr-xr-x

-rw-r--r--

drwxr-xr-x

drwxr-xr-x

drwxr-xr-x

-rw-r--r--

drwxr-xr-x

drwxr-xr-x

drwxr-xr-x

drwxr-xr-x

-rw-r--r--

-rw-r--r--

drwxr-xr-x

-rw-r--r--

drwxr-xr-x

lrwxrwxrwx

-rw-r--r--

drwxr-xr-x

drwxr-xr-x

drwxr-xr-x

drwxr-xr-x

student@Ubuntu-MySQL-VirtualBox:~/lws/lesson4$ ls -l /etc | cut -b 1-10 | sort | uniq

drwxr-s---

drwxr-xr-x

lrwxrwxrwx

-r--r-----

-r--r--r--

-rw-r-----

-rw-r--r--

-rw-rw-r--

-rwxr-xr-x

итого

student@Ubuntu-MySQL-VirtualBox:~/lws/lesson4$

student@Ubuntu-MySQL-VirtualBox:~/lws/lesson4$ sudo vim /etc/ssh/sshd_config

[sudo] пароль для student:

student@Ubuntu-MySQL-VirtualBox:~/lws/lesson4$ sudo nano /etc/ssh/sshd_config

student@Ubuntu-MySQL-VirtualBox:~/lws/lesson4$ systemctl restart sshd

student@Ubuntu-MySQL-VirtualBox:~/lws/lesson4$ sudo nano /etc/ssh/sshd_config

student@Ubuntu-MySQL-VirtualBox:~/lws/lesson4$ systemctl reload sshd

student@Ubuntu-MySQL-VirtualBox:~/lws/lesson4$

student@Ubuntu-MySQL-VirtualBox:~/lws/lesson4$ # restart останавливает процесс, читает файл конфигурации и создает новый процесс. reload останавливает процесс, читает файл конфигурации и запускает этот же процесс.

student@Ubuntu-MySQL-VirtualBox:~/lws/lesson4$

student@Ubuntu-MySQL-VirtualBox:~/lws/lesson4$ cat > f1

1111

2222

3333

4444

student@Ubuntu-MySQL-VirtualBox:~/lws/lesson4$ # при нажатии ^d передается сигнал EOF (end of file)

student@Ubuntu-MySQL-VirtualBox:~/lws/lesson4$

student@Ubuntu-MySQL-VirtualBox:~/lws/lesson4$ mc

student@Ubuntu-MySQL-VirtualBox:~/lws/lesson4$ ps aux | grep firefox

student 6040 13.6 12.9 3127244 263708 ? Sl 17:09 0:04 /usr/lib/firefox/firefox

student 6086 0.1 2.2 386064 46032 ? Sl 17:09 0:00 /usr/lib/firefox/firefox -contentproc -parentBuildID 20230309232128 -prefsLen 25978 -prefMapSize 231705 -appDir /usr/lib/firefox/browser {e5eaf6e6-525d-4acd-b150-15de41c4775b} 6040 true socket

student 6112 1.0 5.5 2580904 112660 ? Sl 17:09 0:00 /usr/lib/firefox/firefox -contentproc -childID 1 -isForBrowser -prefsLen 26119 -prefMapSize 231705 -jsInitLen 246560 -parentBuildID 20230309232128 -appDir /usr/lib/firefox/browser {a6b81a7e-5969-4adb-a96f-0115eef23d95} 6040 true tab

student 6154 1.2 4.9 2593940 101512 ? Sl 17:09 0:00 /usr/lib/firefox/firefox -contentproc -childID 2 -isForBrowser -prefsLen 31567 -prefMapSize 231705 -jsInitLen 246560 -parentBuildID 20230309232128 -appDir /usr/lib/firefox/browser {6a68aa23-cf73-4fb3-8692-a81adba89db3} 6040 true tab

student 6211 0.0 1.8 371076 37224 ? Sl 17:09 0:00 /usr/lib/firefox/firefox -contentproc -parentBuildID 20230309232128 -sandboxingKind 0 -prefsLen 31567 -prefMapSize 231705 -appDir /usr/lib/firefox/browser {7db4db6f-dc65-4d34-b109-92fb0732c786} 6040 true utility

student 6213 0.2 3.6 2561820 73644 ? Sl 17:09 0:00 /usr/lib/firefox/firefox -contentproc -childID 3 -isForBrowser -prefsLen 28851 -prefMapSize 231705 -jsInitLen 246560 -parentBuildID 20230309232128 -appDir /usr/lib/firefox/browser {bace86d5-9771-4f35-93b1-86cf8c29897a} 6040 true tab

student 6217 0.1 3.6 2561820 73820 ? Sl 17:09 0:00 /usr/lib/firefox/firefox -contentproc -childID 4 -isForBrowser -prefsLen 28851 -prefMapSize 231705 -jsInitLen 246560 -parentBuildID 20230309232128 -appDir /usr/lib/firefox/browser {c9325757-f416-47b1-b36b-3873ea90241f} 6040 true tab

student 6220 0.2 3.6 2561820 73700 ? Sl 17:09 0:00 /usr/lib/firefox/firefox -contentproc -childID 5 -isForBrowser -prefsLen 28851 -prefMapSize 231705 -jsInitLen 246560 -parentBuildID 20230309232128 -appDir /usr/lib/firefox/browser {a66854f3-8bad-41e8-b625-bcebd1964988} 6040 true tab

student 6282 0.0 0.0 17732 1104 pts/0 S+ 17:09 0:00 grep --color=auto firefox

student@Ubuntu-MySQL-VirtualBox:~/lws/lesson4$ kill -s 9 6040

student@Ubuntu-MySQL-VirtualBox:~/lws/lesson4$

student@Ubuntu-MySQL-VirtualBox:~/lws/lesson4$ ps aux | grep firefox

student 6303 0.0 0.0 17732 1120 pts/0 S+ 17:10 0:00 grep --color=auto firefox

student@Ubuntu-MySQL-VirtualBox:~/lws/lesson4$